// Jest Snapshot v1, https://goo.gl/fbAQLP

exports[`should render add expense page 1`] = `
<div>
  <div
    className="page-header-layout"
  >
    <div
      className="content_container"
    >
      <h1
        className="page-header-layout__title"
      >
        Add Expenses
      </h1>
    </div>
  </div>
  <div
    className="content_container"
  >
    <ExpenseForm
      onSubmit={[Function]}
      submitMessage="Save Expense"
    />
  </div>
</div>
`;
