// Jest Snapshot v1, https://goo.gl/fbAQLP

exports[`should render edit expense page 1`] = `
<div>
  <div
    className="page-header-layout"
  >
    <div
      className="content_container"
    >
      <h1
        className="page-header-layout__title"
      >
        Editing Expense
        <span
          className="page-header-layout__title-reduce"
        >
              ID 
          1
        </span>
      </h1>
    </div>
  </div>
  <div
    className="content_container"
  >
    <ExpenseForm
      expenseToEdit={
        Object {
          "amount": 1500,
          "createdAt": 1000,
          "description": "Water Bill",
          "id": "1",
          "note": "",
        }
      }
      onSubmit={[Function]}
      submitMessage="Save Updates"
    />
    <button
      className="button-layout__danger"
      onClick={[Function]}
    >
      Delete Expense
    </button>
  </div>
</div>
`;
